---
source: crates/cribo/tests/test_bundling_snapshots.rs
input_file: crates/cribo/tests/fixtures/xfail_symlink_multi_circular/main.py
---
ExecutionResults {
    status: Failed(
        1,
    ),
    stdout: "",
    stderr: "File \"<stdin>\", line 41\nSyntaxError: name 'real_b' is used prior to global declaration",
}
