---
source: crates/cribo/tests/test_bundling_snapshots.rs
input_file: crates/cribo/tests/fixtures/xfail_builtin_types_circular/main.py
---
ExecutionResults {
    status: Failed(
        1,
    ),
    stdout: "",
    stderr: "File \"<stdin>\", line 126\nSyntaxError: name 'pkg_compat' is used prior to global declaration",
}
