---
source: crates/cribo/tests/test_bundling_snapshots.rs
input_file: crates/cribo/tests/fixtures/xfail_importlib_static/main.py
---
RuffLintResults {
    f401_violations: [],
    f404_violations: [],
    other_violations: [
        "Line 90: syntax-error - SyntaxError: Expected an identifier",
        "Line 90: syntax-error - SyntaxError: Expected ',', found '.'",
        "Line 90: syntax-error - SyntaxError: Expected ')', found '('",
        "Line 91: syntax-error - SyntaxError: Expected an identifier",
        "Line 91: syntax-error - SyntaxError: Expected ',', found newline",
        "Line 92: syntax-error - SyntaxError: Expected ')', found 'def'",
        "Line 92: syntax-error - SyntaxError: Expected an identifier",
        "Line 92: syntax-error - SyntaxError: Expected ',', found newline",
        "Line 93: syntax-error - SyntaxError: Expected ')', found 'def'",
        "Line 93: syntax-error - SyntaxError: Expected an identifier",
        "Line 93: syntax-error - SyntaxError: Expected ',', found newline",
        "Line 94: syntax-error - SyntaxError: Expected an expression",
        "Line 94: syntax-error - SyntaxError: Parameter without a default cannot follow a parameter with a default",
        "Line 94: syntax-error - SyntaxError: Expected ')', found 'def'",
        "Line 94: syntax-error - SyntaxError: Expected an identifier",
        "Line 95: syntax-error - SyntaxError: Expected ',', found newline",
        "Line 96: syntax-error - SyntaxError: Parameter without a default cannot follow a parameter with a default",
        "Line 96: syntax-error - SyntaxError: Expected ',', found '.'",
        "Line 96: syntax-error - SyntaxError: Expected ',', found newline",
        "Line 97: syntax-error - SyntaxError: Parameter without a default cannot follow a parameter with a default",
        "Line 97: syntax-error - SyntaxError: Expected ',', found '.'",
        "Line 97: syntax-error - SyntaxError: Expected ',', found newline",
        "Line 98: syntax-error - SyntaxError: Parameter without a default cannot follow a parameter with a default",
        "Line 98: syntax-error - SyntaxError: Expected ',', found '.'",
        "Line 98: syntax-error - SyntaxError: Expected ',', found newline",
        "Line 99: syntax-error - SyntaxError: Parameter without a default cannot follow a parameter with a default",
        "Line 99: syntax-error - SyntaxError: Expected ',', found '.'",
        "Line 99: syntax-error - SyntaxError: Expected ',', found newline",
        "Line 100: syntax-error - SyntaxError: Expected ')', found int",
        "Line 100: syntax-error - SyntaxError: Simple statements must be separated by newlines or semicolons",
        "Line 101: syntax-error - SyntaxError: Simple statements must be separated by newlines or semicolons",
        "Line 102: syntax-error - SyntaxError: Simple statements must be separated by newlines or semicolons",
        "Line 103: syntax-error - SyntaxError: Simple statements must be separated by newlines or semicolons",
        "Line 104: syntax-error - SyntaxError: Simple statements must be separated by newlines or semicolons",
        "Line 105: syntax-error - SyntaxError: Simple statements must be separated by newlines or semicolons",
        "Line 110: syntax-error - SyntaxError: Expected an identifier",
        "Line 111: syntax-error - SyntaxError: Expected an identifier",
        "Line 112: syntax-error - SyntaxError: Expected an identifier",
        "Line 113: syntax-error - SyntaxError: Expected an identifier",
        "Line 114: syntax-error - SyntaxError: Expected an identifier",
        "Line 115: syntax-error - SyntaxError: Expected an identifier, but found a keyword 'class' that cannot be used here",
        "Line 116: syntax-error - SyntaxError: Expected an expression",
        "Line 117: syntax-error - SyntaxError: Expected an expression",
        "Line 117: syntax-error - SyntaxError: Expected 'in', found '='",
        "Line 118: syntax-error - SyntaxError: Expected an expression",
        "Line 118: syntax-error - SyntaxError: Expected 'in', found '='",
        "Line 119: syntax-error - SyntaxError: Expected an expression",
        "Line 119: syntax-error - SyntaxError: Expected 'in', found '='",
        "Line 120: syntax-error - SyntaxError: Expected an expression",
        "Line 120: syntax-error - SyntaxError: Expected 'in', found '='",
        "Line 121: syntax-error - SyntaxError: Expected an identifier, but found a keyword 'for' that cannot be used here",
    ],
    total_violations: 51,
}
